LPS25HB_Driver.c:85:18:LPS25HB_ReadReg	8	static
LPS25HB_Driver.c:103:18:LPS25HB_WriteReg	8	static
LPS25HB_Driver.c:129:18:LPS25HB_Get_DeviceID	8	static
LPS25HB_Driver.c:143:18:LPS25HB_Get_DriverVersion	0	static
LPS25HB_Driver.c:260:18:LPS25HB_Get_AvgP	24	static
LPS25HB_Driver.c:279:18:LPS25HB_Get_AvgT	24	static
LPS25HB_Driver.c:323:18:LPS25HB_Get_Odr	24	static
LPS25HB_Driver.c:392:18:LPS25HB_Get_Bdu	24	static
LPS25HB_Driver.c:434:18:LPS25HB_Get_InterruptCircuitEnable	24	static
LPS25HB_Driver.c:453:18:LPS25HB_ResetAZ	16	static
LPS25HB_Driver.c:501:18:LPS25HB_Get_SpiInterface	24	static
LPS25HB_Driver.c:548:18:LPS25HB_StartOneShotMeasurement	16	static
LPS25HB_Driver.c:596:18:LPS25HB_SwReset	16	static
LPS25HB_Driver.c:617:18:LPS25HB_MemoryBoot	16	static
LPS25HB_Driver.c:639:18:LPS25HB_SwResetAndMemoryBoot	16	static
LPS25HB_Driver.c:884:18:LPS25HB_Get_InterruptDifferentialEventStatus	24	static
LPS25HB_Driver.c:905:18:LPS25HB_Get_DataStatus	24	static
LPS25HB_Driver.c:929:18:LPS25HB_Get_RawPressure	24	static
LPS25HB_Driver.c:959:18:LPS25HB_Get_Pressure	16	static
LPS25HB_Driver.c:979:18:LPS25HB_Get_RawTemperature	16	static
LPS25HB_Driver.c:1004:18:LPS25HB_Get_Temperature	24	static
LPS25HB_Driver.c:1023:18:LPS25HB_Get_PressureThreshold	16	static
LPS25HB_Driver.c:1043:18:LPS25HB_Set_PressureThreshold	16	static
LPS25HB_Driver.c:1087:18:LPS25HB_Get_FifoMode	24	static
LPS25HB_Driver.c:1106:18:LPS25HB_Get_FifoStatus	24	static
LPS25HB_Driver.c:1151:18:LPS25HB_Get_FifoWatermarkLevel	8	static
LPS25HB_Driver.c:1192:18:LPS25HB_Get_FifoSampleSize	24	static
LPS25HB_Driver.c:1211:18:LPS25HB_Get_PressureOffsetValue	16	static
LPS25HB_Driver.c:1284:18:LPS25HB_Get_GenericConfig	24	static
LPS25HB_Driver.c:1358:18:LPS25HB_Get_InterruptConfig	24	static
LPS25HB_Driver.c:1442:18:LPS25HB_Get_FifoConfig	32	static
LPS25HB_Driver.c:1492:18:LPS25HB_Get_ReferencePressure	24	static
LPS25HB_Driver.c:1523:18:LPS25HB_IsMeasurementCompleted	24	static
LPS25HB_Driver.c:1545:18:LPS25HB_Get_Measurement	24	static
LPS25HB_Driver.c:1600:6:LPS25HB_assert_failed	8	static
LPS25HB_Driver.c:159:18:LPS25HB_Set_Avg	24	static
LPS25HB_Driver.c:212:18:LPS25HB_Set_AvgP	24	static
LPS25HB_Driver.c:236:18:LPS25HB_Set_AvgT	24	static
LPS25HB_Driver.c:298:18:LPS25HB_Set_Odr	24	static
LPS25HB_Driver.c:341:18:LPS25HB_Set_PowerDownMode	24	static
LPS25HB_Driver.c:185:18:LPS25HB_Activate	8	static
LPS25HB_Driver.c:198:18:LPS25HB_DeActivate	8	static
LPS25HB_Driver.c:1571:18:LPS25HB_DeInit	16	static
LPS25HB_Driver.c:368:18:LPS25HB_Set_Bdu	24	static
LPS25HB_Driver.c:410:18:LPS25HB_Set_InterruptCircuitEnable	24	static
LPS25HB_Driver.c:476:18:LPS25HB_Set_SpiInterface	24	static
LPS25HB_Driver.c:519:18:LPS25HB_Set_I2C	24	static
LPS25HB_Driver.c:573:18:LPS25HB_Set_AutoZeroFunction	24	static
LPS25HB_Driver.c:1232:18:LPS25HB_Set_GenericConfig	16	static
LPS25HB_Driver.c:660:18:LPS25HB_Set_FifoModeUse	24	static
LPS25HB_Driver.c:683:18:LPS25HB_Set_FifoWatermarkLevelUse	24	static
LPS25HB_Driver.c:707:18:LPS25HB_Set_FifoMeanDecUse	24	static
LPS25HB_Driver.c:732:18:LPS25HB_Set_InterruptActiveLevel	24	static
LPS25HB_Driver.c:756:18:LPS25HB_Set_InterruptOutputType	24	static
LPS25HB_Driver.c:780:18:LPS25HB_Set_InterruptControlConfig	24	static
LPS25HB_Driver.c:804:18:LPS25HB_Set_InterruptDataConfig	24	static
LPS25HB_Driver.c:829:18:LPS25HB_Set_InterruptDifferentialConfig	24	static
LPS25HB_Driver.c:859:18:LPS25HB_LatchInterruptRequest	24	static
LPS25HB_Driver.c:1319:18:LPS25HB_Set_InterruptConfig	16	static
LPS25HB_Driver.c:1063:18:LPS25HB_Set_FifoMode	24	static
LPS25HB_Driver.c:1127:18:LPS25HB_Set_FifoWatermarkLevel	24	static
LPS25HB_Driver.c:1167:18:LPS25HB_Set_FifoSampleSize	24	static
LPS25HB_Driver.c:1395:18:LPS25HB_Set_FifoConfig	16	static
