VEML6075_Driver.c:92:19:VEML6075_ReadReg	8	static
VEML6075_Driver.c:111:19:VEML6075_WriteReg	8	static
VEML6075_Driver.c:128:19:VEML6075_Get_DriverVersion	0	static
VEML6075_Driver.c:144:19:VEML6075_Get_DeviceID	8	static
VEML6075_Driver.c:187:19:VEML6075_Get_Ultraviolet	40	static
VEML6075_Driver.c:173:19:VEML6075_Get_Measurement	8	static
VEML6075_Driver.c:213:19:VEML6075_Activate	16	static
VEML6075_Driver.c:233:19:VEML6075_DeActivate	16	static
VEML6075_Driver.c:159:19:VEML6075_DeInit	8	static
VEML6075_Driver.c:280:19:VEML6075_Get_PowerDownMode	24	static
VEML6075_Driver.c:301:6:VEML6075_assert_failed	8	static
VEML6075_Driver.c:257:19:VEML6075_Set_PowerDownMode	16	static
