steval_bluemic1_pressure.c:145:25:BSP_LPS25HB_PRESSURE_Init	16	static
steval_bluemic1_pressure.c:96:18:BSP_PRESSURE_Init	16	static
steval_bluemic1_pressure.c:221:18:BSP_PRESSURE_DeInit	16	static
steval_bluemic1_pressure.c:257:18:BSP_PRESSURE_Sensor_Enable	8	static
steval_bluemic1_pressure.c:290:18:BSP_PRESSURE_Sensor_Disable	8	static
steval_bluemic1_pressure.c:324:18:BSP_PRESSURE_IsInitialized	0	static
steval_bluemic1_pressure.c:351:18:BSP_PRESSURE_IsEnabled	0	static
steval_bluemic1_pressure.c:378:18:BSP_PRESSURE_IsCombo	0	static
steval_bluemic1_pressure.c:405:18:BSP_PRESSURE_Get_Instance	0	static
steval_bluemic1_pressure.c:432:18:BSP_PRESSURE_Get_WhoAmI	8	static
steval_bluemic1_pressure.c:468:18:BSP_PRESSURE_Check_WhoAmI	8	static
steval_bluemic1_pressure.c:501:18:BSP_PRESSURE_Get_Press	8	static
steval_bluemic1_pressure.c:538:18:BSP_PRESSURE_Get_ODR	8	static
steval_bluemic1_pressure.c:575:18:BSP_PRESSURE_Set_ODR	8	static
steval_bluemic1_pressure.c:608:18:BSP_PRESSURE_Set_ODR_Value	8	static
steval_bluemic1_pressure.c:642:18:BSP_PRESSURE_Read_Reg	8	static
steval_bluemic1_pressure.c:683:18:BSP_PRESSURE_Write_Reg	8	static
steval_bluemic1_pressure.c:718:18:BSP_PRESSURE_Get_DRDY_Status	8	static
