steval_bluemic1_uv.c:117:25:BSP_VEML6075_ULTRAVIOLET_Init	16	static
steval_bluemic1_uv.c:87:18:BSP_ULTRAVIOLET_Init	8	static
steval_bluemic1_uv.c:170:18:BSP_ULTRAVIOLET_DeInit	16	static
steval_bluemic1_uv.c:208:18:BSP_ULTRAVIOLET_Sensor_Enable	8	static
steval_bluemic1_uv.c:242:18:BSP_ULTRAVIOLET_Sensor_Disable	8	static
steval_bluemic1_uv.c:276:18:BSP_ULTRAVIOLET_IsInitialized	0	static
steval_bluemic1_uv.c:303:18:BSP_ULTRAVIOLET_IsEnabled	0	static
steval_bluemic1_uv.c:330:18:BSP_ULTRAVIOLET_IsCombo	0	static
steval_bluemic1_uv.c:357:18:BSP_ULTRAVIOLET_Get_Instance	0	static
steval_bluemic1_uv.c:385:18:BSP_ULTRAVIOLET_Get_WhoAmI	8	static
steval_bluemic1_uv.c:422:18:BSP_ULTRAVIOLET_Check_WhoAmI	8	static
steval_bluemic1_uv.c:456:18:BSP_ULTRAVIOLET_Get_Uv	8	static
steval_bluemic1_uv.c:494:18:BSP_ULTRAVIOLET_Read_Reg	8	static
steval_bluemic1_uv.c:534:18:BSP_ULTRAVIOLET_Write_Reg	8	static
