steval_bluemic1_temperature.c:207:25:BSP_LPS25HB_TEMPERATURE_Init	16	static
steval_bluemic1_temperature.c:152:25:BSP_HTS221_TEMPERATURE_Init	16	static
steval_bluemic1_temperature.c:91:18:BSP_TEMPERATURE_Init	8	static
steval_bluemic1_temperature.c:283:18:BSP_TEMPERATURE_DeInit	16	static
steval_bluemic1_temperature.c:319:18:BSP_TEMPERATURE_Sensor_Enable	8	static
steval_bluemic1_temperature.c:352:18:BSP_TEMPERATURE_Sensor_Disable	8	static
steval_bluemic1_temperature.c:386:18:BSP_TEMPERATURE_IsInitialized	0	static
steval_bluemic1_temperature.c:413:18:BSP_TEMPERATURE_IsEnabled	0	static
steval_bluemic1_temperature.c:440:18:BSP_TEMPERATURE_IsCombo	0	static
steval_bluemic1_temperature.c:467:18:BSP_TEMPERATURE_Get_Instance	0	static
steval_bluemic1_temperature.c:495:18:BSP_TEMPERATURE_Get_WhoAmI	8	static
steval_bluemic1_temperature.c:531:18:BSP_TEMPERATURE_Check_WhoAmI	8	static
steval_bluemic1_temperature.c:564:18:BSP_TEMPERATURE_Get_Temp	8	static
steval_bluemic1_temperature.c:601:18:BSP_TEMPERATURE_Get_ODR	8	static
steval_bluemic1_temperature.c:638:18:BSP_TEMPERATURE_Set_ODR	8	static
steval_bluemic1_temperature.c:671:18:BSP_TEMPERATURE_Set_ODR_Value	8	static
steval_bluemic1_temperature.c:705:18:BSP_TEMPERATURE_Read_Reg	8	static
steval_bluemic1_temperature.c:745:18:BSP_TEMPERATURE_Write_Reg	8	static
steval_bluemic1_temperature.c:779:18:BSP_TEMPERATURE_Get_DRDY_Status	8	static
