steval_bluemic1_humidity.c:119:25:BSP_HTS221_HUMIDITY_Init	16	static
steval_bluemic1_humidity.c:88:18:BSP_HUMIDITY_Init	8	static
steval_bluemic1_humidity.c:173:18:BSP_HUMIDITY_DeInit	16	static
steval_bluemic1_humidity.c:211:18:BSP_HUMIDITY_Sensor_Enable	8	static
steval_bluemic1_humidity.c:245:18:BSP_HUMIDITY_Sensor_Disable	8	static
steval_bluemic1_humidity.c:279:18:BSP_HUMIDITY_IsInitialized	0	static
steval_bluemic1_humidity.c:306:18:BSP_HUMIDITY_IsEnabled	0	static
steval_bluemic1_humidity.c:333:18:BSP_HUMIDITY_IsCombo	0	static
steval_bluemic1_humidity.c:360:18:BSP_HUMIDITY_Get_Instance	0	static
steval_bluemic1_humidity.c:388:18:BSP_HUMIDITY_Get_WhoAmI	8	static
steval_bluemic1_humidity.c:425:18:BSP_HUMIDITY_Check_WhoAmI	8	static
steval_bluemic1_humidity.c:459:18:BSP_HUMIDITY_Get_Hum	8	static
steval_bluemic1_humidity.c:497:18:BSP_HUMIDITY_Get_ODR	8	static
steval_bluemic1_humidity.c:535:18:BSP_HUMIDITY_Set_ODR	8	static
steval_bluemic1_humidity.c:569:18:BSP_HUMIDITY_Set_ODR_Value	8	static
steval_bluemic1_humidity.c:603:18:BSP_HUMIDITY_Read_Reg	8	static
steval_bluemic1_humidity.c:644:18:BSP_HUMIDITY_Write_Reg	8	static
steval_bluemic1_humidity.c:679:18:BSP_HUMIDITY_Get_DRDY_Status	8	static
