steval_bluemic1.c:113:6:BSP_PB_Init	0	static
steval_bluemic1.c:175:10:BSP_PB_GetState	8	static
steval_bluemic1.c:196:10:BSP_PB_GetITPendingBit	8	static
steval_bluemic1.c:207:6:BSP_PB_ClearITPendingBit	8	static
steval_bluemic1.c:220:6:BSP_LED_Init	8	static
steval_bluemic1.c:245:9:BSP_LED_IsOn	8	static
steval_bluemic1.c:262:6:BSP_LED_On	8	static
steval_bluemic1.c:282:6:BSP_LED_Off	8	static
steval_bluemic1.c:302:6:BSP_LED_Toggle	8	static
steval_bluemic1.c:398:6:StevalBlueMic1_I2CInit	40	static
steval_bluemic1.c:321:6:Sensor_IO_Init	8	static
steval_bluemic1.c:442:18:StevalBlueMic1_I2CWrite	40	static
steval_bluemic1.c:344:9:Sensor_IO_Write	16	static
steval_bluemic1.c:490:18:StevalBlueMic1_I2CRead	48	static
steval_bluemic1.c:370:9:Sensor_IO_Read	16	static
steval_bluemic1.c:558:6:StevalBlueMic1_I2CDmaInit	96	static
steval_bluemic1.c:633:6:StevalBlueMic1_I2CDmaWrite	32	static
steval_bluemic1.c:686:6:StevalBlueMic1_I2CDmaRead	48	static
steval_bluemic1.c:764:6:DmaI2CHandlerCallback	8	static
steval_bluemic1.c:798:6:StevalBlueMic1_I2CIrqInit	48	static
steval_bluemic1.c:852:6:StevalBlueMic1_I2CIrqWrite	48	static
steval_bluemic1.c:892:6:StevalBlueMic1_I2CIrqRead	48	static
steval_bluemic1.c:946:6:IrqI2CHandlerCallback	8	static
