BlueNRG1_it.c:79:6:NMI_Handler	0	static
BlueNRG1_it.c:86:6:HardFault_Handler	8	static
BlueNRG1_it.c:98:6:MemManage_Handler	8	static
BlueNRG1_it.c:110:6:BusFault_Handler	8	static
BlueNRG1_it.c:122:6:UsageFault_Handler	8	static
BlueNRG1_it.c:134:6:DebugMon_Handler	0	static
BlueNRG1_it.c:141:6:SVC_Handler	0	static
BlueNRG1_it.c:155:6:SysTick_Handler	8	static
BlueNRG1_it.c:180:6:DMA_Handler	8	static
BlueNRG1_it.c:200:6:GPIO_Handler	8	static
BlueNRG1_it.c:248:6:MFT1B_Handler	8	static
BlueNRG1_it.c:267:6:UART_Handler	0	static
BlueNRG1_it.c:272:6:Blue_Handler	8	static
