HWAdvanceFeatures.c:34:6:InitHWFeatures	8	static
HWAdvanceFeatures.c:46:6:EnableSWPedometer	8	static
HWAdvanceFeatures.c:76:6:DisableSWPedometer	8	static
HWAdvanceFeatures.c:89:6:ResetSWPedometer	8	static
HWAdvanceFeatures.c:99:10:GetStepSWPedometer	8	static
HWAdvanceFeatures.c:109:6:EnableSWTilt	8	static
HWAdvanceFeatures.c:137:6:DisableSWTilt	8	static
HWAdvanceFeatures.c:166:6:DisableHWOrientation6D	8	static
HWAdvanceFeatures.c:179:14:GetHWOrientation6D	32	static
HWAdvanceFeatures.c:15:6:HWFeaturesCallback	24	static
HWAdvanceFeatures.c:150:6:EnableHWOrientation6D	8	static
HWAdvanceFeatures.c:239:6:EnableHWWakeUp	8	static
HWAdvanceFeatures.c:252:6:DisableHWWakeUp	8	static
HWAdvanceFeatures.c:265:6:EnableHWFreeFall	8	static
HWAdvanceFeatures.c:279:6:DisableHWFreeFall	8	static
HWAdvanceFeatures.c:292:6:EnableHWDoubleTap	8	static
HWAdvanceFeatures.c:305:6:DisableHWDoubleTap	8	static
HWAdvanceFeatures.c:318:6:EnableHWSingleTap	8	static
HWAdvanceFeatures.c:331:6:DisableHWSingleTap	8	static
HWAdvanceFeatures.c:344:6:EnableHWMultipleEvents	8	static
HWAdvanceFeatures.c:366:6:DisableHWMultipleEvents	8	static
