peripheral_mngr_app.c:153:12:PER_APP_Init_BLE	40	static
peripheral_mngr_app.c:214:12:PER_APP_Service_Init	16	static
peripheral_mngr_app.c:273:6:PER_APP_Stop_Advertise	8	static
peripheral_mngr_app.c:283:12:PER_APP_Advertise	88	static
peripheral_mngr_app.c:352:6:setIbeacon	56	static
peripheral_mngr_app.c:426:6:APP_Tick	16	static
peripheral_mngr_app.c:552:6:PER_APP_Error_Handler	8	static
peripheral_mngr_app.c:584:6:hci_le_connection_complete_event	16	static
peripheral_mngr_app.c:654:6:hci_disconnection_complete_event	16	static
peripheral_mngr_app.c:690:6:aci_gatt_attribute_modified_event	32	static
peripheral_mngr_app.c:769:6:aci_gatt_tx_pool_available_event	0	static
