sensible_sensors.c:28:18:SensorsInit	8	static
sensible_sensors.c:47:6:SensorsEnable	24	static
sensible_sensors.c:98:6:SensorsDisable	24	static
sensible_sensors.c:148:18:SensorsEnableMag	16	static
sensible_sensors.c:165:18:SensorsDisableMag	16	static
sensible_sensors.c:178:18:SensorsReadUv	8	static
sensible_sensors.c:187:18:SesnsorsReadTemp1	8	static
sensible_sensors.c:196:18:SensorsReadTemp2	8	static
sensible_sensors.c:205:18:SesnorsReadHumidity	8	static
sensible_sensors.c:214:18:SensorsReadPressure	8	static
sensible_sensors.c:223:18:SensorsReadLux	8	static
sensible_sensors.c:232:18:SensorsReadMag	8	static
