LIS2MDL_MAG_driver.c:63:10:LIS2MDL_MAG_WriteReg	8	static
LIS2MDL_MAG_driver.c:84:10:LIS2MDL_MAG_ReadReg	8	static
LIS2MDL_MAG_driver.c:104:10:LIS2MDL_MAG_R_WhoAmI_Bits	8	static
LIS2MDL_MAG_driver.c:124:11:LIS2MDL_MAG_W_Operating_Mode	24	static
LIS2MDL_MAG_driver.c:147:10:LIS2MDL_MAG_R_Operating_Mode	8	static
LIS2MDL_MAG_driver.c:164:11:LIS2MDL_MAG_W_DataRate	24	static
LIS2MDL_MAG_driver.c:187:10:LIS2MDL_MAG_R_DataRate	8	static
LIS2MDL_MAG_driver.c:204:11:LIS2MDL_MAG_W_PowerMode	24	static
LIS2MDL_MAG_driver.c:227:10:LIS2MDL_MAG_R_PowerMode	8	static
LIS2MDL_MAG_driver.c:244:11:LIS2MDL_MAG_W_SoftwareReset	24	static
LIS2MDL_MAG_driver.c:267:10:LIS2MDL_MAG_R_SoftwareReset	8	static
LIS2MDL_MAG_driver.c:284:11:LIS2MDL_MAG_W_Reboot	24	static
LIS2MDL_MAG_driver.c:307:10:LIS2MDL_MAG_R_Reboot	8	static
LIS2MDL_MAG_driver.c:324:11:LIS2MDL_MAG_W_TemperatureCompensation	24	static
LIS2MDL_MAG_driver.c:347:10:LIS2MDL_MAG_R_TemperatureCompensation	8	static
LIS2MDL_MAG_driver.c:364:11:LIS2MDL_MAG_W_LowPassFilter	24	static
LIS2MDL_MAG_driver.c:387:10:LIS2MDL_MAG_R_LowPassFilter	8	static
LIS2MDL_MAG_driver.c:404:11:LIS2MDL_MAG_W_OffsetCancellation	24	static
LIS2MDL_MAG_driver.c:427:10:LIS2MDL_MAG_R_OffsetCancellation	8	static
LIS2MDL_MAG_driver.c:444:11:LIS2MDL_MAG_W_PulseFrequancy	24	static
LIS2MDL_MAG_driver.c:467:10:LIS2MDL_MAG_R_PulseFrequancy	8	static
LIS2MDL_MAG_driver.c:484:11:LIS2MDL_MAG_W_InterruptThresholdMode	24	static
LIS2MDL_MAG_driver.c:507:10:LIS2MDL_MAG_R_InterruptThresholdMode	8	static
LIS2MDL_MAG_driver.c:524:11:LIS2MDL_MAG_W_OffsetCancellationInSingleMode	24	static
LIS2MDL_MAG_driver.c:547:10:LIS2MDL_MAG_R_OffsetCancellationInSingleMode	8	static
LIS2MDL_MAG_driver.c:566:11:LIS2MDL_MAG_W_PinMode	24	static
LIS2MDL_MAG_driver.c:589:10:LIS2MDL_MAG_R_PinMode	8	static
LIS2MDL_MAG_driver.c:606:11:LIS2MDL_MAG_W_SelfTest	24	static
LIS2MDL_MAG_driver.c:629:10:LIS2MDL_MAG_R_SelfTest	8	static
LIS2MDL_MAG_driver.c:646:11:LIS2MDL_MAG_W_OutputsOrder	24	static
LIS2MDL_MAG_driver.c:669:10:LIS2MDL_MAG_R_OutputsOrder	8	static
LIS2MDL_MAG_driver.c:686:11:LIS2MDL_MAG_W_BlockDataUpdate	24	static
LIS2MDL_MAG_driver.c:709:10:LIS2MDL_MAG_R_BlockDataUpdate	8	static
LIS2MDL_MAG_driver.c:726:11:LIS2MDL_MAG_W_I2C_InterfaceSatus	24	static
LIS2MDL_MAG_driver.c:749:10:LIS2MDL_MAG_R_I2C_InterfaceSatus	8	static
LIS2MDL_MAG_driver.c:766:11:LIS2MDL_MAG_W_InterruptGenerator	24	static
LIS2MDL_MAG_driver.c:789:10:LIS2MDL_MAG_R_InterruptGenerator	8	static
LIS2MDL_MAG_driver.c:806:11:LIS2MDL_MAG_W_InterruptGeneration	24	static
LIS2MDL_MAG_driver.c:829:10:LIS2MDL_MAG_R_InterruptGeneration	8	static
LIS2MDL_MAG_driver.c:846:11:LIS2MDL_MAG_W_InterruptMode	24	static
LIS2MDL_MAG_driver.c:869:10:LIS2MDL_MAG_R_InterruptMode	8	static
LIS2MDL_MAG_driver.c:886:11:LIS2MDL_MAG_W_InterruptPolarity	24	static
LIS2MDL_MAG_driver.c:909:10:LIS2MDL_MAG_R_InterruptPolarity	8	static
LIS2MDL_MAG_driver.c:926:11:LIS2MDL_MAG_W_InterruptOn_Zaxis	24	static
LIS2MDL_MAG_driver.c:949:10:LIS2MDL_MAG_R_InterruptOn_Zaxis	8	static
LIS2MDL_MAG_driver.c:966:11:LIS2MDL_MAG_W_InterruptOn_Yaxis	24	static
LIS2MDL_MAG_driver.c:989:10:LIS2MDL_MAG_R_InterruptOn_Yaxis	8	static
LIS2MDL_MAG_driver.c:1006:11:LIS2MDL_MAG_W_InterruptOn_Xaxis	24	static
LIS2MDL_MAG_driver.c:1029:10:LIS2MDL_MAG_R_InterruptOn_Xaxis	8	static
LIS2MDL_MAG_driver.c:1046:10:LIS2MDL_MAG_R_InterruptSources	8	static
LIS2MDL_MAG_driver.c:1063:10:LIS2MDL_MAG_Set_InterruptThreshold	16	static
LIS2MDL_MAG_driver.c:1082:10:LIS2MDL_MAG_Get_InterruptThreshold	16	static
LIS2MDL_MAG_driver.c:1112:10:LIS2MDL_MAG_R_STATUS_bits	8	static
LIS2MDL_MAG_driver.c:1129:10:LIS2MDL_MAG_Get_MagneticOutputs	16	static
LIS2MDL_MAG_driver.c:1157:10:LIS2MDL_MAG_Get_Temperature	16	static
LIS2MDL_MAG_driver.c:1187:10:LIS2MDL_MAG_Set_HI_Offsets	16	static
LIS2MDL_MAG_driver.c:1206:10:LIS2MDL_MAG_Get_HI_Offsets	16	static
LIS2MDL_MAG_driver.c:1242:6:LIS2MDL_MAG_SwapHighLowByte	48	static
