LIS2MDL_MAG_driver_HL.c:369:25:LIS2MDL_Get_Sensitivity	0	static
LIS2MDL_MAG_driver_HL.c:492:25:LIS2MDL_Get_FS	0	static
LIS2MDL_MAG_driver_HL.c:508:25:LIS2MDL_Set_FS	0	static
LIS2MDL_MAG_driver_HL.c:522:25:LIS2MDL_Set_FS_Value	0	static
LIS2MDL_MAG_driver_HL.c:577:25:LIS2MDL_Get_DRDY_Status	24	static
LIS2MDL_MAG_driver_HL.c:557:25:LIS2MDL_Write_Reg	16	static
LIS2MDL_MAG_driver_HL.c:536:25:LIS2MDL_Read_Reg	8	static
LIS2MDL_MAG_driver_HL.c:466:25:LIS2MDL_Set_ODR_Value	16	static
LIS2MDL_MAG_driver_HL.c:424:25:LIS2MDL_Set_ODR	8	static
LIS2MDL_MAG_driver_HL.c:385:25:LIS2MDL_Get_ODR	24	static
LIS2MDL_MAG_driver_HL.c:618:25:LIS2MDL_Get_Axes_Raw	24	static
LIS2MDL_MAG_driver_HL.c:341:25:LIS2MDL_Get_AxesRaw	16	static
LIS2MDL_MAG_driver_HL.c:306:25:LIS2MDL_Get_Axes	16	static
LIS2MDL_MAG_driver_HL.c:260:25:LIS2MDL_Get_WhoAmI	8	static
LIS2MDL_MAG_driver_HL.c:280:25:LIS2MDL_Check_WhoAmI	16	static
LIS2MDL_MAG_driver_HL.c:231:25:LIS2MDL_Sensor_Disable	8	static
LIS2MDL_MAG_driver_HL.c:177:25:LIS2MDL_DeInit	8	static
LIS2MDL_MAG_driver_HL.c:203:25:LIS2MDL_Sensor_Enable	8	static
LIS2MDL_MAG_driver_HL.c:131:25:LIS2MDL_Init	8	static
