LIS2DW12_ACC_driver.c:48:10:LIS2DW12_ACC_WriteReg	8	static
LIS2DW12_ACC_driver.c:66:10:LIS2DW12_ACC_ReadReg	8	static
LIS2DW12_ACC_driver.c:84:10:LIS2DW12_ACC_R_WhoAmI	8	static
LIS2DW12_ACC_driver.c:102:11:LIS2DW12_ACC_W_OutputDataRate	24	static
LIS2DW12_ACC_driver.c:125:10:LIS2DW12_ACC_R_OutputDataRate	8	static
LIS2DW12_ACC_driver.c:142:11:LIS2DW12_ACC_W_FullScaleSelection	24	static
LIS2DW12_ACC_driver.c:165:10:LIS2DW12_ACC_R_FullScaleSelection	8	static
LIS2DW12_ACC_driver.c:182:11:LIS2DW12_ACC_W_BlockDataUpdate	24	static
LIS2DW12_ACC_driver.c:205:10:LIS2DW12_ACC_R_BlockDataUpdate	8	static
LIS2DW12_ACC_driver.c:222:10:LIS2DW12_ACC_Get_Acceleration	16	static
LIS2DW12_ACC_driver.c:250:10:LIS2DW12_ACC_Get_Temperature	16	static
LIS2DW12_ACC_driver.c:280:11:LIS2DW12_ACC_W_LowPowerModeSelection	24	static
LIS2DW12_ACC_driver.c:303:10:LIS2DW12_ACC_R_LowPowerModeSelection	8	static
LIS2DW12_ACC_driver.c:320:11:LIS2DW12_ACC_W_ModeSelection	24	static
LIS2DW12_ACC_driver.c:343:10:LIS2DW12_ACC_R_ModeSelection	8	static
LIS2DW12_ACC_driver.c:360:11:LIS2DW12_ACC_W_SPI_mode_selection	24	static
LIS2DW12_ACC_driver.c:383:10:LIS2DW12_ACC_R_SPI_mode_selection	8	static
LIS2DW12_ACC_driver.c:400:11:LIS2DW12_ACC_W_I2C_status	24	static
LIS2DW12_ACC_driver.c:423:10:LIS2DW12_ACC_R_I2C_status	8	static
LIS2DW12_ACC_driver.c:440:11:LIS2DW12_ACC_W_AutoIncrementedWithMultipleAccess	24	static
LIS2DW12_ACC_driver.c:463:10:LIS2DW12_ACC_R_AutoIncrementedWithMultipleAccess	8	static
LIS2DW12_ACC_driver.c:480:11:LIS2DW12_ACC_W_SoftReset	24	static
LIS2DW12_ACC_driver.c:503:10:LIS2DW12_ACC_R_SoftReset	8	static
LIS2DW12_ACC_driver.c:520:11:LIS2DW12_ACC_W_Reboot	24	static
LIS2DW12_ACC_driver.c:543:10:LIS2DW12_ACC_R_Reboot	8	static
LIS2DW12_ACC_driver.c:560:11:LIS2DW12_ACC_W_SingleLowPowerMode	24	static
LIS2DW12_ACC_driver.c:583:10:LIS2DW12_ACC_R_SingleLowPowerMode	8	static
LIS2DW12_ACC_driver.c:600:11:LIS2DW12_ACC_W_SingleLowPowerModeSource	24	static
LIS2DW12_ACC_driver.c:623:10:LIS2DW12_ACC_R_SingleLowPowerModeSource	8	static
LIS2DW12_ACC_driver.c:640:11:LIS2DW12_ACC_W_InterruptPolarity	24	static
LIS2DW12_ACC_driver.c:663:10:LIS2DW12_ACC_R_InterruptPolarity	8	static
LIS2DW12_ACC_driver.c:680:11:LIS2DW12_ACC_W_LatchIntteruptRq	24	static
LIS2DW12_ACC_driver.c:703:10:LIS2DW12_ACC_R_LatchIntteruptRq	8	static
LIS2DW12_ACC_driver.c:720:11:LIS2DW12_ACC_W_InterruptPadMode	24	static
LIS2DW12_ACC_driver.c:743:10:LIS2DW12_ACC_R_InterruptPadMode	8	static
LIS2DW12_ACC_driver.c:760:11:LIS2DW12_ACC_W_SelfTest	24	static
LIS2DW12_ACC_driver.c:783:10:LIS2DW12_ACC_R_SelfTest	8	static
LIS2DW12_ACC_driver.c:800:11:LIS2DW12_ACC_W_PinFunction_INT1	24	static
LIS2DW12_ACC_driver.c:830:10:LIS2DW12_ACC_R_PinFunction_INT1	8	static
LIS2DW12_ACC_driver.c:847:11:LIS2DW12_ACC_W_PinFunction_INT2	24	static
LIS2DW12_ACC_driver.c:877:10:LIS2DW12_ACC_R_PinFunction_INT2	8	static
LIS2DW12_ACC_driver.c:894:11:LIS2DW12_ACC_W_LowNoiseConfiguration	24	static
LIS2DW12_ACC_driver.c:917:10:LIS2DW12_ACC_R_LowNoiseConfiguration	8	static
LIS2DW12_ACC_driver.c:934:11:LIS2DW12_ACC_W_FliterConfiguration	24	static
LIS2DW12_ACC_driver.c:957:10:LIS2DW12_ACC_R_FliterConfiguration	8	static
LIS2DW12_ACC_driver.c:974:11:LIS2DW12_ACC_W_FilterCutOff	24	static
LIS2DW12_ACC_driver.c:997:10:LIS2DW12_ACC_R_FilterCutOff	8	static
LIS2DW12_ACC_driver.c:1014:10:LIS2DW12_ACC_R_TEMP_bits	8	static
LIS2DW12_ACC_driver.c:1032:10:LIS2DW12_ACC_R_DataStatus	8	static
LIS2DW12_ACC_driver.c:1049:10:LIS2DW12_ACC_R_FreeFall_Event	8	static
LIS2DW12_ACC_driver.c:1066:10:LIS2DW12_ACC_R_6D_Event	8	static
LIS2DW12_ACC_driver.c:1083:10:LIS2DW12_ACC_R_SingleTap_Event	8	static
LIS2DW12_ACC_driver.c:1100:10:LIS2DW12_ACC_R_DoubleTap_Event	8	static
LIS2DW12_ACC_driver.c:1117:10:LIS2DW12_ACC_R_Sleep_Event	8	static
LIS2DW12_ACC_driver.c:1134:10:LIS2DW12_ACC_R_WakeUp_Event	8	static
LIS2DW12_ACC_driver.c:1151:10:LIS2DW12_ACC_R_FIFO_ThresholdStatus	8	static
LIS2DW12_ACC_driver.c:1168:11:LIS2DW12_ACC_W_FIFO_Threshold	24	static
LIS2DW12_ACC_driver.c:1194:10:LIS2DW12_ACC_R_FIFO_Threshold	8	static
LIS2DW12_ACC_driver.c:1212:11:LIS2DW12_ACC_W_FIFO_mode	24	static
LIS2DW12_ACC_driver.c:1235:10:LIS2DW12_ACC_R_FIFO_mode	8	static
LIS2DW12_ACC_driver.c:1252:10:LIS2DW12_ACC_R_FIFO_level	8	static
LIS2DW12_ACC_driver.c:1270:10:LIS2DW12_ACC_R_FIFO_OverrunStatus	8	static
LIS2DW12_ACC_driver.c:1287:10:LIS2DW12_ACC_R_FIFO_Threshold_Status	8	static
LIS2DW12_ACC_driver.c:1304:11:LIS2DW12_ACC_W_TAP_X_Threshold	24	static
LIS2DW12_ACC_driver.c:1330:10:LIS2DW12_ACC_R_TAP_X_Threshold	8	static
LIS2DW12_ACC_driver.c:1348:11:LIS2DW12_ACC_W_6D_Threshold	24	static
LIS2DW12_ACC_driver.c:1371:10:LIS2DW12_ACC_R_6D_Threshold	8	static
LIS2DW12_ACC_driver.c:1388:11:LIS2DW12_ACC_W_4D_Function	24	static
LIS2DW12_ACC_driver.c:1411:10:LIS2DW12_ACC_R_4D_Function	8	static
LIS2DW12_ACC_driver.c:1428:11:LIS2DW12_ACC_W_TAP_Y_Threshold	24	static
LIS2DW12_ACC_driver.c:1454:10:LIS2DW12_ACC_R_TAP_Y_Threshold	8	static
LIS2DW12_ACC_driver.c:1472:11:LIS2DW12_ACC_W_TAP_PriorityAxisTreshold	24	static
LIS2DW12_ACC_driver.c:1495:10:LIS2DW12_ACC_R_TAP_PriorityAxisTreshold	8	static
LIS2DW12_ACC_driver.c:1512:11:LIS2DW12_ACC_W_TAP_Z_Threshold	24	static
LIS2DW12_ACC_driver.c:1538:10:LIS2DW12_ACC_R_TAP_Z_Threshold	8	static
LIS2DW12_ACC_driver.c:1556:11:LIS2DW12_ACC_W_DetectTAP_on_Z_Axis	24	static
LIS2DW12_ACC_driver.c:1579:10:LIS2DW12_ACC_R_DetectTAP_on_Z_Axis	8	static
LIS2DW12_ACC_driver.c:1596:11:LIS2DW12_ACC_W_DetectTAP_on_Y_Axis	24	static
LIS2DW12_ACC_driver.c:1619:10:LIS2DW12_ACC_R_DetectTAP_on_Y_Axis	8	static
LIS2DW12_ACC_driver.c:1636:11:LIS2DW12_ACC_W_DetectTAP_on_X_Axis	24	static
LIS2DW12_ACC_driver.c:1659:10:LIS2DW12_ACC_R_DetectTAP_on_X_Axis	8	static
LIS2DW12_ACC_driver.c:1676:11:LIS2DW12_ACC_W_MaxDurationOverThreshold	24	static
LIS2DW12_ACC_driver.c:1702:10:LIS2DW12_ACC_R_MaxDurationOverThreshold	8	static
LIS2DW12_ACC_driver.c:1720:11:LIS2DW12_ACC_W_QuietTimeAfterTAP	24	static
LIS2DW12_ACC_driver.c:1746:10:LIS2DW12_ACC_R_QuietTimeAfterTAP	8	static
LIS2DW12_ACC_driver.c:1764:11:LIS2DW12_ACC_W_DoubleTAP_Latency	24	static
LIS2DW12_ACC_driver.c:1790:10:LIS2DW12_ACC_R_DoubleTAP_Latency	8	static
LIS2DW12_ACC_driver.c:1808:11:LIS2DW12_ACC_W_WakeUpThreshold	24	static
LIS2DW12_ACC_driver.c:1831:10:LIS2DW12_ACC_R_WakeUpThreshold	8	static
LIS2DW12_ACC_driver.c:1848:11:LIS2DW12_ACC_W_SleepFeature	24	static
LIS2DW12_ACC_driver.c:1871:10:LIS2DW12_ACC_R_SleepFeature	8	static
LIS2DW12_ACC_driver.c:1888:11:LIS2DW12_ACC_W_TAP_mode	24	static
LIS2DW12_ACC_driver.c:1911:10:LIS2DW12_ACC_R_TAP_mode	8	static
LIS2DW12_ACC_driver.c:1928:11:LIS2DW12_ACC_W_InactivityBeforeSleep	24	static
LIS2DW12_ACC_driver.c:1954:10:LIS2DW12_ACC_R_InactivityBeforeSleep	8	static
LIS2DW12_ACC_driver.c:1972:11:LIS2DW12_ACC_W_WakeUpDuration	24	static
LIS2DW12_ACC_driver.c:1998:10:LIS2DW12_ACC_R_WakeUpDuration	8	static
LIS2DW12_ACC_driver.c:2016:11:LIS2DW12_ACC_W_FreeFallDuration	24	static
LIS2DW12_ACC_driver.c:2042:10:LIS2DW12_ACC_R_FreeFallDuration	8	static
LIS2DW12_ACC_driver.c:2060:11:LIS2DW12_ACC_W_FreeFallThreshold	24	static
LIS2DW12_ACC_driver.c:2086:10:LIS2DW12_ACC_R_FreeFallThreshold	8	static
LIS2DW12_ACC_driver.c:2104:11:LIS2DW12_ACC_W_LIS2DW12_ACC_W_FreeFallDuration	24	static
LIS2DW12_ACC_driver.c:2130:10:LIS2DW12_ACC_R_LIS2DW12_ACC_R_FreeFallDuration	8	static
LIS2DW12_ACC_driver.c:2148:10:LIS2DW12_ACC_R_WakeUpEvent_On_Z	8	static
LIS2DW12_ACC_driver.c:2165:10:LIS2DW12_ACC_R_WakeUpEvent_On_Y	8	static
LIS2DW12_ACC_driver.c:2182:10:LIS2DW12_ACC_R_LIS2DW12_ACC_R_WakeUpEvent_On_X	8	static
LIS2DW12_ACC_driver.c:2199:10:LIS2DW12_ACC_R_TapOn_Z_event	8	static
LIS2DW12_ACC_driver.c:2216:10:LIS2DW12_ACC_R_TapOn_Y_event	8	static
LIS2DW12_ACC_driver.c:2233:10:LIS2DW12_ACC_R_TapOn_X_event	8	static
LIS2DW12_ACC_driver.c:2250:10:LIS2DW12_ACC_R_TAP_sign	8	static
LIS2DW12_ACC_driver.c:2267:10:LIS2DW12_ACC_R_TAP_event	8	static
LIS2DW12_ACC_driver.c:2284:10:LIS2DW12_ACC_R_6D_X_Low	8	static
LIS2DW12_ACC_driver.c:2301:10:LIS2DW12_ACC_R_6D_X_High	8	static
LIS2DW12_ACC_driver.c:2318:10:LIS2DW12_ACC_R_6D_Y_Low	8	static
LIS2DW12_ACC_driver.c:2335:10:LIS2DW12_ACC_R_6D_Y_High	8	static
LIS2DW12_ACC_driver.c:2352:10:LIS2DW12_ACC_R_6D_Z_Low	8	static
LIS2DW12_ACC_driver.c:2369:10:LIS2DW12_ACC_R_6D_Z_High	8	static
LIS2DW12_ACC_driver.c:2386:10:LIS2DW12_ACC_R_SleepChange_event	8	static
LIS2DW12_ACC_driver.c:2403:11:LIS2DW12_ACC_W_WakeUpOffset_X	24	static
LIS2DW12_ACC_driver.c:2429:10:LIS2DW12_ACC_R_WakeUpOffset_X	8	static
LIS2DW12_ACC_driver.c:2447:11:LIS2DW12_ACC_W_WakeUpOffset_Y	24	static
LIS2DW12_ACC_driver.c:2473:10:LIS2DW12_ACC_R_WakeUpOffset_Y	8	static
LIS2DW12_ACC_driver.c:2491:11:LIS2DW12_ACC_W_WakeUpOffset_Z	24	static
LIS2DW12_ACC_driver.c:2517:10:LIS2DW12_ACC_R_WakeUpOffset_Z	8	static
LIS2DW12_ACC_driver.c:2535:11:LIS2DW12_ACC_W_6D_FilterInput	24	static
LIS2DW12_ACC_driver.c:2558:10:LIS2DW12_ACC_R_6D_FilterInput	8	static
LIS2DW12_ACC_driver.c:2575:11:LIS2DW12_ACC_W_HP_FilterReference	24	static
LIS2DW12_ACC_driver.c:2598:10:LIS2DW12_ACC_R_HP_FilterReference	8	static
LIS2DW12_ACC_driver.c:2615:11:LIS2DW12_ACC_W_UserOffsetWeight	24	static
LIS2DW12_ACC_driver.c:2638:10:LIS2DW12_ACC_R_UserOffsetWeight	8	static
LIS2DW12_ACC_driver.c:2655:11:LIS2DW12_ACC_W_UserOffsetOnWakeUp	24	static
LIS2DW12_ACC_driver.c:2678:10:LIS2DW12_ACC_R_UserOffsetOnWakeUp	8	static
LIS2DW12_ACC_driver.c:2695:11:LIS2DW12_ACC_W_UserOffsetOnOutputs	24	static
LIS2DW12_ACC_driver.c:2718:10:LIS2DW12_ACC_R_TemperatureData	8	static
LIS2DW12_ACC_driver.c:2735:10:LIS2DW12_ACC_R_UserOffsetOnOutputs	8	static
LIS2DW12_ACC_driver.c:2752:11:LIS2DW12_ACC_W_HardwarePin	24	static
LIS2DW12_ACC_driver.c:2775:10:LIS2DW12_ACC_R_HardwarePin	8	static
LIS2DW12_ACC_driver.c:2792:11:LIS2DW12_ACC_W_UseInt1_PinOnly	24	static
LIS2DW12_ACC_driver.c:2815:10:LIS2DW12_ACC_R_UseInt1_PinOnly	8	static
LIS2DW12_ACC_driver.c:2832:11:LIS2DW12_ACC_W_DataReady	24	static
LIS2DW12_ACC_driver.c:2855:10:LIS2DW12_ACC_R_DataReady	8	static
LIS2DW12_ACC_driver.c:2872:10:LIS2DW12_ACC_R_SleepState_event	8	static
LIS2DW12_ACC_driver.c:2889:10:LIS2DW12_ACC_R_OverrunEvent	8	static
LIS2DW12_ACC_driver.c:2912:6:LIS2DW12_ACC_SwapHighLowByte	48	static
LIS2DW12_ACC_driver.c:2936:10:LIS2DW12_ACC_R_All_Int_Src	8	static
