LIS2DW12_ACC_driver_HL.c:2430:25:LIS2DW12_Set_Interrupt_Latch	8	static
LIS2DW12_ACC_driver_HL.c:2412:25:LIS2DW12_FIFO_Set_Watermark_Level	8	static
LIS2DW12_ACC_driver_HL.c:2276:25:LIS2DW12_FIFO_Get_Num_Of_Samples	8	static
LIS2DW12_ACC_driver_HL.c:2188:25:LIS2DW12_FIFO_Get_Empty_Status	24	static
LIS2DW12_ACC_driver_HL.c:455:25:LIS2DW12_Get_AxesRaw	64	static
LIS2DW12_ACC_driver_HL.c:514:25:LIS2DW12_Get_Sensitivity	32	static
LIS2DW12_ACC_driver_HL.c:423:25:LIS2DW12_Get_Axes	32	static
LIS2DW12_ACC_driver_HL.c:753:25:LIS2DW12_Get_FS	24	static
LIS2DW12_ACC_driver_HL.c:2215:25:LIS2DW12_FIFO_Get_Overrun_Status	24	static
LIS2DW12_ACC_driver_HL.c:2155:25:LIS2DW12_FIFO_Get_Full_Status	24	static
LIS2DW12_ACC_driver_HL.c:2106:25:LIS2DW12_Get_6D_Orientation_ZH	24	static
LIS2DW12_ACC_driver_HL.c:2075:25:LIS2DW12_Get_6D_Orientation_ZL	24	static
LIS2DW12_ACC_driver_HL.c:2044:25:LIS2DW12_Get_6D_Orientation_YH	24	static
LIS2DW12_ACC_driver_HL.c:2013:25:LIS2DW12_Get_6D_Orientation_YL	24	static
LIS2DW12_ACC_driver_HL.c:1982:25:LIS2DW12_Get_6D_Orientation_XH	24	static
LIS2DW12_ACC_driver_HL.c:1951:25:LIS2DW12_Get_6D_Orientation_XL	24	static
LIS2DW12_ACC_driver_HL.c:1920:25:LIS2DW12_Get_6D_Orientation_Status	24	static
LIS2DW12_ACC_driver_HL.c:834:25:LIS2DW12_Set_FS_Value	16	static
LIS2DW12_ACC_driver_HL.c:791:25:LIS2DW12_Set_FS	8	static
LIS2DW12_ACC_driver_HL.c:1824:25:LIS2DW12_Set_Tap_Duration_Time	8	static
LIS2DW12_ACC_driver_HL.c:1809:25:LIS2DW12_Set_Tap_Quiet_Time	8	static
LIS2DW12_ACC_driver_HL.c:1794:25:LIS2DW12_Set_Tap_Shock_Time	8	static
LIS2DW12_ACC_driver_HL.c:1734:25:LIS2DW12_Get_Double_Tap_Detection_Status	24	static
LIS2DW12_ACC_driver_HL.c:1530:25:LIS2DW12_Get_Single_Tap_Detection_Status	24	static
LIS2DW12_ACC_driver_HL.c:1373:25:LIS2DW12_Set_Wake_Up_Threshold	8	static
LIS2DW12_ACC_driver_HL.c:1342:25:LIS2DW12_Get_Wake_Up_Detection_Status	24	static
LIS2DW12_ACC_driver_HL.c:1236:25:LIS2DW12_Set_Free_Fall_Threshold	8	static
LIS2DW12_ACC_driver_HL.c:1204:25:LIS2DW12_Get_Free_Fall_Detection_Status	24	static
LIS2DW12_ACC_driver_HL.c:1088:25:LIS2DW12_ReadAllInterruptSrcRegister	8	static
LIS2DW12_ACC_driver_HL.c:896:25:LIS2DW12_Get_DRDY_Status	24	static
LIS2DW12_ACC_driver_HL.c:878:25:LIS2DW12_Write_Reg	16	static
LIS2DW12_ACC_driver_HL.c:859:25:LIS2DW12_Read_Reg	8	static
LIS2DW12_ACC_driver_HL.c:591:25:LIS2DW12_Get_ODR	32	static
LIS2DW12_ACC_driver_HL.c:382:25:LIS2DW12_Get_WhoAmI	8	static
LIS2DW12_ACC_driver_HL.c:399:25:LIS2DW12_Check_WhoAmI	16	static
LIS2DW12_ACC_driver_HL.c:2382:25:LIS2DW12_FIFO_Set_INT2_FIFO_Treshold.part.0	8	static
LIS2DW12_ACC_driver_HL.c:2382:25:LIS2DW12_FIFO_Set_INT2_FIFO_Treshold	8	static
LIS2DW12_ACC_driver_HL.c:2352:25:LIS2DW12_FIFO_Set_INT1_FIFO_Treshold	8	static
LIS2DW12_ACC_driver_HL.c:2322:25:LIS2DW12_FIFO_Set_INT1_FIFO_Full	8	static
LIS2DW12_ACC_driver_HL.c:2291:25:LIS2DW12_FIFO_Set_Mode	8	static
LIS2DW12_ACC_driver_HL.c:2246:25:LIS2DW12_FIFO_Get_Data	32	static
LIS2DW12_ACC_driver_HL.c:699:25:LIS2DW12_Set_ODR	8	static
LIS2DW12_ACC_driver_HL.c:1013:25:LIS2DW12_Set_ODR_Value_When_Enabled	16	static
LIS2DW12_ACC_driver_HL.c:319:25:LIS2DW12_Sensor_Enable	8	static
LIS2DW12_ACC_driver_HL.c:726:25:LIS2DW12_Set_ODR_Value	16	static
LIS2DW12_ACC_driver_HL.c:2140:25:LIS2DW12_FIFO_Set_ODR_Value	8	static
LIS2DW12_ACC_driver_HL.c:1308:25:LIS2DW12_Disable_Wake_Up_Detection	8	static
LIS2DW12_ACC_driver_HL.c:1842:25:LIS2DW12_Enable_6D_Orientation	8	static
LIS2DW12_ACC_driver_HL.c:1765:25:LIS2DW12_Set_Tap_Threshold	16	static
LIS2DW12_ACC_driver_HL.c:1660:25:LIS2DW12_Disable_Double_Tap_Detection	8	static
LIS2DW12_ACC_driver_HL.c:1476:25:LIS2DW12_Disable_Single_Tap_Detection	8	static
LIS2DW12_ACC_driver_HL.c:1561:25:LIS2DW12_Enable_Double_Tap_Detection	8	static
LIS2DW12_ACC_driver_HL.c:1392:25:LIS2DW12_Enable_Single_Tap_Detection	8	static
LIS2DW12_ACC_driver_HL.c:1255:25:LIS2DW12_Enable_Wake_Up_Detection	8	static
LIS2DW12_ACC_driver_HL.c:1106:25:LIS2DW12_Enable_Free_Fall_Detection	8	static
LIS2DW12_ACC_driver_HL.c:347:25:LIS2DW12_Sensor_Disable	8	static
LIS2DW12_ACC_driver_HL.c:289:25:LIS2DW12_DeInit	16	static
LIS2DW12_ACC_driver_HL.c:233:25:LIS2DW12_Init	8	static
LIS2DW12_ACC_driver_HL.c:1891:25:LIS2DW12_Disable_6D_Orientation	8	static
LIS2DW12_ACC_driver_HL.c:1169:25:LIS2DW12_Disable_Free_Fall_Detection	8	static
