AT25XE041B_Driver.c:1094:13:AT25XE041B_Wait.constprop	8	static
AT25XE041B_Driver.c:1236:33:AT25XE041B_SPI_Transmit.constprop	8	static
AT25XE041B_Driver.c:1036:33:AT25XE041B_WriteDisable	16	static
AT25XE041B_Driver.c:689:40:AT25XE041B_ReadStatusReg.constprop	24	static
AT25XE041B_Driver.c:715:33:AT25XE041B_WaitForReady.part.0.constprop	24	static
AT25XE041B_Driver.c:742:33:AT25XE041B_ErasePage	16	static
AT25XE041B_Driver.c:983:33:AT25XE041B_WriteEnable	32	static
AT25XE041B_Driver.c:907:33:AT25XE041B_Write.constprop	40	static
AT25XE041B_Driver.c:947:33:AT25XE041B_Read	24	static
AT25XE041B_Driver.c:873:33:AT25XE041B_WritePartPage	304	static
AT25XE041B_Driver.c:596:26:AT25XE041B_EnterDeepPowerDown	16	static
AT25XE041B_Driver.c:612:26:AT25XE041B_ExitDeepPowerDown	16	static
AT25XE041B_Driver.c:629:26:AT25XE041B_EnterUltraDeepPowerDown	16	static
AT25XE041B_Driver.c:1052:33:AT25XE041B_ExitLowPowerMode	8	static
AT25XE041B_Driver.c:265:26:AT25XE041B_Init	32	static
AT25XE041B_Driver.c:309:26:AT25XE041B_ReadByteArray	16	static
AT25XE041B_Driver.c:341:26:AT25XE041B_WriteByteArray	48	static
AT25XE041B_Driver.c:428:26:AT25XE041B_WriteByteArrayWithoutErase	48	static
AT25XE041B_Driver.c:503:26:AT25XE041B_EraseAll	24	static
AT25XE041B_Driver.c:549:26:AT25XE041B_ErasePages	16	static
AT25XE041B_Driver.c:645:26:AT25XE041B_ExitUltraDeepPowerDown	8	static
