HTS221_Driver.c:94:17:HTS221_ReadReg	8	static
HTS221_Driver.c:112:17:HTS221_WriteReg	8	static
HTS221_Driver.c:128:17:HTS221_Get_DriverVersion	0	static
HTS221_Driver.c:143:17:HTS221_Get_DeviceID	8	static
HTS221_Driver.c:210:17:HTS221_Get_InitConfig	24	static
HTS221_Driver.c:240:17:HTS221_DeInit	16	static
HTS221_Driver.c:285:17:HTS221_Get_RawMeasurement	24	static
HTS221_Driver.c:304:17:HTS221_Get_Humidity	56	static
HTS221_Driver.c:344:17:HTS221_Get_HumidityRaw	16	static
HTS221_Driver.c:362:17:HTS221_Get_Temperature	64	static
HTS221_Driver.c:270:17:HTS221_Get_Measurement	16	static
HTS221_Driver.c:404:17:HTS221_Get_TemperatureRaw	16	static
HTS221_Driver.c:424:17:HTS221_Get_DataStatus	24	static
HTS221_Driver.c:443:17:HTS221_Activate	16	static
HTS221_Driver.c:463:17:HTS221_DeActivate	16	static
HTS221_Driver.c:486:17:HTS221_IsMeasurementCompleted	24	static
HTS221_Driver.c:584:17:HTS221_Get_AvgHT	24	static
HTS221_Driver.c:629:17:HTS221_Get_BduMode	24	static
HTS221_Driver.c:673:17:HTS221_Get_PowerDownMode	24	static
HTS221_Driver.c:716:17:HTS221_Get_Odr	24	static
HTS221_Driver.c:734:17:HTS221_MemoryBoot	16	static
HTS221_Driver.c:780:17:HTS221_Get_HeaterState	24	static
HTS221_Driver.c:798:17:HTS221_StartOneShotMeasurement	16	static
HTS221_Driver.c:846:17:HTS221_Get_IrqActiveLevel	24	static
HTS221_Driver.c:889:17:HTS221_Get_IrqOutputType	24	static
HTS221_Driver.c:932:17:HTS221_Get_IrqEnable	24	static
HTS221_Driver.c:953:6:HTS221_assert_failed	8	static
HTS221_Driver.c:158:17:HTS221_Set_InitConfig	24	static
HTS221_Driver.c:509:17:HTS221_Set_AvgHT	24	static
HTS221_Driver.c:535:17:HTS221_Set_AvgH	24	static
HTS221_Driver.c:559:17:HTS221_Set_AvgT	24	static
HTS221_Driver.c:605:17:HTS221_Set_BduMode	24	static
HTS221_Driver.c:649:17:HTS221_Set_PowerDownMode	24	static
HTS221_Driver.c:692:17:HTS221_Set_Odr	24	static
HTS221_Driver.c:756:17:HTS221_Set_HeaterState	24	static
HTS221_Driver.c:822:17:HTS221_Set_IrqActiveLevel	24	static
HTS221_Driver.c:865:17:HTS221_Set_IrqOutputType	24	static
HTS221_Driver.c:908:17:HTS221_Set_IrqEnable	24	static
