sensible20_compass.c:449:13:compassFilter.constprop	24	static
sensible20_compass.c:109:6:BSP_Compass_Start	8	static
sensible20_compass.c:121:6:BSP_Compass_Stop	8	static
sensible20_compass.c:157:6:BSP_Compass_ApplyCalibrationCoefficients	32	static
sensible20_compass.c:527:25:runAlgorithm	80	static
sensible20_compass.c:133:18:BSP_Compass_Run	152	static
sensible20_compass.c:183:6:BSP_Compass_Check_Calibration	72	static
sensible20_compass.c:200:6:BSP_Compass_Get_Active	0	static
sensible20_compass.c:210:6:BSP_Compass_Get_Calibrated	0	static
sensible20_compass.c:220:6:BSP_Compass_IncTick	0	static
sensible20_compass.c:231:6:BSP_Compass_Set_Need_Calibration	0	static
sensible20_compass.c:244:6:BSP_Compass_Need_Update	0	static
