sensible20_accelero.c:2522:25:BSP_LIS2DW12_ACCELERO_Init	16	static
sensible20_accelero.c:72:18:BSP_ACCELERO_Init	8	static
sensible20_accelero.c:102:18:BSP_ACCELERO_DeInit	16	static
sensible20_accelero.c:140:18:BSP_ACCELERO_Sensor_Enable	8	static
sensible20_accelero.c:174:18:BSP_ACCELERO_Sensor_Disable	8	static
sensible20_accelero.c:208:18:BSP_ACCELERO_IsInitialized	0	static
sensible20_accelero.c:235:18:BSP_ACCELERO_IsEnabled	0	static
sensible20_accelero.c:262:18:BSP_ACCELERO_IsCombo	0	static
sensible20_accelero.c:289:18:BSP_ACCELERO_Get_Instance	0	static
sensible20_accelero.c:317:18:BSP_ACCELERO_Get_WhoAmI	8	static
sensible20_accelero.c:351:18:BSP_ACCELERO_Check_WhoAmI	8	static
sensible20_accelero.c:386:18:BSP_ACCELERO_Get_Axes	8	static
sensible20_accelero.c:426:18:BSP_ACCELERO_Get_AxesRaw	8	static
sensible20_accelero.c:464:18:BSP_ACCELERO_Get_Sensitivity	8	static
sensible20_accelero.c:504:18:BSP_ACCELERO_Get_ODR	8	static
sensible20_accelero.c:544:18:BSP_ACCELERO_Set_ODR	8	static
sensible20_accelero.c:578:18:BSP_ACCELERO_Set_ODR_Value	8	static
sensible20_accelero.c:612:18:BSP_ACCELERO_Get_FS	8	static
sensible20_accelero.c:652:18:BSP_ACCELERO_Set_FS	8	static
sensible20_accelero.c:686:18:BSP_ACCELERO_Set_FS_Value	8	static
sensible20_accelero.c:720:18:BSP_ACCELERO_Get_Axes_Status	8	static
sensible20_accelero.c:760:18:BSP_ACCELERO_Set_Axes_Status	8	static
sensible20_accelero.c:801:18:BSP_ACCELERO_Read_Reg	8	static
sensible20_accelero.c:842:18:BSP_ACCELERO_Write_Reg	8	static
sensible20_accelero.c:877:18:BSP_ACCELERO_Get_DRDY_Status	8	static
sensible20_accelero.c:918:18:BSP_ACCELERO_Read_All_Int_Src_Register_Ext	8	static
sensible20_accelero.c:946:18:BSP_ACCELERO_Enable_Free_Fall_Detection_Ext	8	static
sensible20_accelero.c:973:18:BSP_ACCELERO_Disable_Free_Fall_Detection_Ext	8	static
sensible20_accelero.c:1001:18:BSP_ACCELERO_Get_Free_Fall_Detection_Status_Ext	8	static
sensible20_accelero.c:1029:18:BSP_ACCELERO_Set_Free_Fall_Threshold_Ext	8	static
sensible20_accelero.c:1060:18:BSP_ACCELERO_Enable_Wake_Up_Detection_Ext	8	static
sensible20_accelero.c:1087:18:BSP_ACCELERO_Disable_Wake_Up_Detection_Ext	8	static
sensible20_accelero.c:1116:18:BSP_ACCELERO_Get_Wake_Up_Detection_Status_Ext	8	static
sensible20_accelero.c:1146:18:BSP_ACCELERO_Set_Wake_Up_Threshold_Ext	8	static
sensible20_accelero.c:1176:18:BSP_ACCELERO_Enable_Single_Tap_Detection_Ext	8	static
sensible20_accelero.c:1203:18:BSP_ACCELERO_Disable_Single_Tap_Detection_Ext	8	static
sensible20_accelero.c:1233:18:BSP_ACCELERO_Get_Single_Tap_Detection_Status_Ext	8	static
sensible20_accelero.c:1261:18:BSP_ACCELERO_Enable_Double_Tap_Detection_Ext	8	static
sensible20_accelero.c:1288:18:BSP_ACCELERO_Disable_Double_Tap_Detection_Ext	8	static
sensible20_accelero.c:1317:18:BSP_ACCELERO_Get_Double_Tap_Detection_Status_Ext	8	static
sensible20_accelero.c:1345:18:BSP_ACCELERO_Set_Tap_Threshold_Ext	8	static
sensible20_accelero.c:1373:18:BSP_ACCELERO_Set_Tap_Shock_Time_Ext	8	static
sensible20_accelero.c:1401:18:BSP_ACCELERO_Set_Tap_Quiet_Time_Ext	8	static
sensible20_accelero.c:1429:18:BSP_ACCELERO_Set_Tap_Duration_Time_Ext	8	static
sensible20_accelero.c:1460:18:BSP_ACCELERO_Enable_6D_Orientation_Ext	8	static
sensible20_accelero.c:1487:18:BSP_ACCELERO_Disable_6D_Orientation_Ext	8	static
sensible20_accelero.c:1516:18:BSP_ACCELERO_Get_6D_Orientation_Status_Ext	8	static
sensible20_accelero.c:1544:18:BSP_ACCELERO_Get_6D_Orientation_XL_Ext	8	static
sensible20_accelero.c:1572:18:BSP_ACCELERO_Get_6D_Orientation_XH_Ext	8	static
sensible20_accelero.c:1600:18:BSP_ACCELERO_Get_6D_Orientation_YL_Ext	8	static
sensible20_accelero.c:1628:18:BSP_ACCELERO_Get_6D_Orientation_YH_Ext	8	static
sensible20_accelero.c:1656:18:BSP_ACCELERO_Get_6D_Orientation_ZL_Ext	8	static
sensible20_accelero.c:1684:18:BSP_ACCELERO_Get_6D_Orientation_ZH_Ext	8	static
sensible20_accelero.c:1714:18:BSP_ACCELERO_FIFO_Set_ODR_Value_Ext	8	static
sensible20_accelero.c:1742:18:BSP_ACCELERO_FIFO_Get_Full_Status_Ext	8	static
sensible20_accelero.c:1770:18:BSP_ACCELERO_FIFO_Get_Empty_Status_Ext	8	static
sensible20_accelero.c:1798:18:BSP_ACCELERO_FIFO_Get_Overrun_Status_Ext	8	static
sensible20_accelero.c:1828:18:BSP_ACCELERO_FIFO_Get_Data_Ext	16	static
sensible20_accelero.c:1856:18:BSP_ACCELERO_FIFO_Get_Num_Of_Samples_Ext	8	static
sensible20_accelero.c:1884:18:BSP_ACCELERO_FIFO_Set_Mode_Ext	8	static
sensible20_accelero.c:1912:18:BSP_ACCELERO_FIFO_Set_INT1_FIFO_Full_Ext	8	static
sensible20_accelero.c:1940:18:BSP_ACCELERO_FIFO_Set_INT1_FIFO_Treshold_Ext	8	static
sensible20_accelero.c:1968:18:BSP_ACCELERO_FIFO_Set_INT2_FIFO_Treshold_Ext	8	static
sensible20_accelero.c:1996:18:BSP_ACCELERO_FIFO_Set_Watermark_Level_Ext	8	static
sensible20_accelero.c:2026:18:BSP_ACCELERO_Set_Interrupt_Latch_Ext	8	static
sensible20_accelero.c:2057:18:BSP_ACCELERO_Enable_HP_Filter_Ext	0	static
sensible20_accelero.c:2160:18:BSP_ACCELERO_Disable_HP_Filter_Ext	0	static
sensible20_accelero.c:2264:18:BSP_ACCELERO_ClearDRDY_Ext	0	static
sensible20_accelero.c:2369:18:BSP_ACCELERO_Set_INT1_DRDY_Ext	0	static
sensible20_accelero.c:2474:18:BSP_ACCELERO_Set_DRDY_Mode_Ext	0	static
