sensible20_magneto.c:129:25:BSP_LIS2MDL_MAGNETO_Init	16	static
sensible20_magneto.c:99:18:BSP_MAGNETO_Init	8	static
sensible20_magneto.c:184:18:BSP_MAGNETO_DeInit	16	static
sensible20_magneto.c:220:18:BSP_MAGNETO_Sensor_Enable	8	static
sensible20_magneto.c:254:18:BSP_MAGNETO_Sensor_Disable	8	static
sensible20_magneto.c:288:18:BSP_MAGNETO_IsInitialized	0	static
sensible20_magneto.c:315:18:BSP_MAGNETO_IsEnabled	0	static
sensible20_magneto.c:342:18:BSP_MAGNETO_IsCombo	0	static
sensible20_magneto.c:369:18:BSP_MAGNETO_Get_Instance	0	static
sensible20_magneto.c:397:18:BSP_MAGNETO_Get_WhoAmI	8	static
sensible20_magneto.c:434:18:BSP_MAGNETO_Check_WhoAmI	8	static
sensible20_magneto.c:468:18:BSP_MAGNETO_Get_Axes	8	static
sensible20_magneto.c:506:18:BSP_MAGNETO_Get_AxesRaw	8	static
sensible20_magneto.c:547:18:BSP_MAGNETO_Get_Sensitivity	8	static
sensible20_magneto.c:585:18:BSP_MAGNETO_Get_ODR	8	static
sensible20_magneto.c:623:18:BSP_MAGNETO_Set_ODR	8	static
sensible20_magneto.c:657:18:BSP_MAGNETO_Set_ODR_Value	8	static
sensible20_magneto.c:691:18:BSP_MAGNETO_Get_FS	8	static
sensible20_magneto.c:729:18:BSP_MAGNETO_Set_FS	8	static
sensible20_magneto.c:763:18:BSP_MAGNETO_Set_FS_Value	8	static
sensible20_magneto.c:797:18:BSP_MAGNETO_Read_Reg	8	static
sensible20_magneto.c:838:18:BSP_MAGNETO_Write_Reg	8	static
sensible20_magneto.c:873:18:BSP_MAGNETO_Get_DRDY_Status	8	static
